estacion_CON01_20240101.jsonl;CON01;2024-01-01T15:31:49;Temperatura;45.98;35.0
estacion_CON01_20240101.jsonl;CON01;2024-01-01T18:38:02;Humedad;16.45;20.0
estacion_CON02_20240101.jsonl;CON02;2024-01-01T12:24:36;Humedad;11.84;20.0
estacion_CON02_20240101.jsonl;CON02;2024-01-01T12:24:36;PM2.5;125.34;35.0
estacion_CON02_20240101.jsonl;CON02;2024-01-01T15:31:49;PM2.5;115.08;35.0
estacion_CON02_20240101.jsonl;CON02;2024-01-01T18:38:02;Ruido;81.68;75.0
estacion_CON03_20240101.jsonl;CON03;2024-01-01T12:24:36;PM2.5;123.73;35.0
estacion_CON03_20240101.jsonl;CON03;2024-01-01T15:31:49;Ruido;95.22;75.0
estacion_CON03_20240101.jsonl;CON03;2024-01-01T18:38:02;Temperatura;47.84;35.0
estacion_CON04_20240101.jsonl;CON04;2024-01-01T09:17:23;Ruido;107.54;75.0
estacion_CON04_20240101.jsonl;CON04;2024-01-01T12:24:36;Temperatura;36.57;35.0
estacion_CON04_20240101.jsonl;CON04;2024-01-01T12:24:36;Humedad;11.5;20.0
estacion_CON04_20240101.jsonl;CON04;2024-01-01T15:31:49;Humedad;15.17;20.0
estacion_CON04_20240101.jsonl;CON04;2024-01-01T18:38:02;PM2.5;175.81;35.0
estacion_PUN01_20240101.jsonl;PUN01;2024-01-01T18:38:02;Temperatura;45.85;35.0
estacion_PUN01_20240101.jsonl;PUN01;2024-01-01T18:38:02;Humedad;6.32;20.0
estacion_PUN02_20240101.jsonl;PUN02;2024-01-01T06:10:10;Humedad;15.13;20.0
estacion_PUN02_20240101.jsonl;PUN02;2024-01-01T09:17:23;PM2.5;56.78;35.0
estacion_PUN02_20240101.jsonl;PUN02;2024-01-01T12:24:36;Temperatura;42.15;35.0
estacion_PUN02_20240101.jsonl;PUN02;2024-01-01T12:24:36;Ruido;102.04;75.0
estacion_PUN02_20240101.jsonl;PUN02;2024-01-01T15:31:49;Temperatura;40.33;35.0
estacion_PUN02_20240101.jsonl;PUN02;2024-01-01T18:38:02;Humedad;4.07;20.0
estacion_PUN03_20240101.jsonl;PUN03;2024-01-01T18:38:02;PM2.5;121.29;35.0
estacion_PUN04_20240101.jsonl;PUN04;2024-01-01T12:24:36;Temperatura;39.8;35.0
estacion_PUN04_20240101.jsonl;PUN04;2024-01-01T12:24:36;Ruido;90.72;75.0
estacion_PUN04_20240101.jsonl;PUN04;2024-01-01T15:31:49;Temperatura;42.25;35.0
estacion_PUN04_20240101.jsonl;PUN04;2024-01-01T18:38:02;Humedad;13.54;20.0
estacion_STG01_20240101.jsonl;STG01;2024-01-01T18:38:02;Temperatura;43.02;35.0
estacion_STG01_20240102.jsonl;STG01;2024-01-02T03:03:57;Temperatura;44.28;35.0
estacion_STG01_20240102.jsonl;STG01;2024-01-02T06:10:10;Humedad;15.26;20.0
estacion_STG01_20240102.jsonl;STG01;2024-01-02T09:17:23;PM2.5;125.01;35.0
estacion_STG01_20240102.jsonl;STG01;2024-01-02T09:17:23;Ruido;103.56;75.0
estacion_STG01_20240102.jsonl;STG01;2024-01-02T12:24:36;Ruido;108.54;75.0
estacion_STG01_20240102.jsonl;STG01;2024-01-02T15:31:49;Temperatura;36.09;35.0
estacion_STG01_20240102.jsonl;STG01;2024-01-02T18:38:02;Humedad;4.95;20.0
estacion_STG01_20240102.jsonl;STG01;2024-01-02T18:38:02;PM2.5;152.79;35.0
estacion_STG02_20240101.jsonl;STG02;2024-01-01T09:17:23;Humedad;8.17;20.0
estacion_STG02_20240101.jsonl;STG02;2024-01-01T12:24:36;PM2.5;130.09;35.0
estacion_STG02_20240101.jsonl;STG02;2024-01-01T15:31:49;Temperatura;38.57;35.0
estacion_STG02_20240101.jsonl;STG02;2024-01-01T15:31:49;Ruido;87.74;75.0
estacion_STG02_20240101.jsonl;STG02;2024-01-01T18:38:02;Temperatura;44.47;35.0
estacion_STG02_20240102.jsonl;STG02;2024-01-02T09:17:23;Humedad;12.74;20.0
estacion_STG02_20240102.jsonl;STG02;2024-01-02T12:24:36;PM2.5;154.62;35.0
estacion_STG02_20240102.jsonl;STG02;2024-01-02T12:24:36;Ruido;93.79;75.0
estacion_STG02_20240102.jsonl;STG02;2024-01-02T15:31:49;Ruido;109.77;75.0
estacion_STG02_20240102.jsonl;STG02;2024-01-02T18:38:02;Temperatura;46.14;35.0
estacion_STG03_20240101.jsonl;STG03;2024-01-01T15:31:49;PM2.5;101.3;35.0
estacion_STG03_20240101.jsonl;STG03;2024-01-01T18:38:02;Ruido;106.98;75.0
estacion_STG03_20240102.jsonl;STG03;2024-01-02T12:24:36;PM2.5;91.89;35.0
estacion_STG03_20240102.jsonl;STG03;2024-01-02T12:24:36;Ruido;87.56;75.0
estacion_STG03_20240102.jsonl;STG03;2024-01-02T15:31:49;Ruido;97.22;75.0
estacion_STG03_20240102.jsonl;STG03;2024-01-02T18:38:02;Temperatura;41.86;35.0
estacion_STG04_20240101.jsonl;STG04;2024-01-01T09:17:23;Temperatura;38.92;35.0
estacion_STG04_20240101.jsonl;STG04;2024-01-01T09:17:23;Ruido;101.55;75.0
estacion_STG04_20240101.jsonl;STG04;2024-01-01T12:24:36;Temperatura;43.87;35.0
estacion_STG04_20240101.jsonl;STG04;2024-01-01T15:31:49;Humedad;12.9;20.0
estacion_STG04_20240101.jsonl;STG04;2024-01-01T18:38:02;PM2.5;74.92;35.0
estacion_STG04_20240101.jsonl;STG04;2024-01-01T18:38:02;Ruido;92.44;75.0
estacion_STG04_20240102.jsonl;STG04;2024-01-02T06:10:10;Ruido;108.77;75.0
estacion_STG04_20240102.jsonl;STG04;2024-01-02T09:17:23;Temperatura;42.8;35.0
estacion_STG04_20240102.jsonl;STG04;2024-01-02T12:24:36;Humedad;12.64;20.0
estacion_STG04_20240102.jsonl;STG04;2024-01-02T12:24:36;PM2.5;175.68;35.0
estacion_STG04_20240102.jsonl;STG04;2024-01-02T15:31:49;PM2.5;177.24;35.0
estacion_STG04_20240102.jsonl;STG04;2024-01-02T18:38:02;Ruido;79.57;75.0
estacion_VAL01_20240101.jsonl;VAL01;2024-01-01T12:24:36;Temperatura;45.6;35.0
estacion_VAL01_20240101.jsonl;VAL01;2024-01-01T15:31:49;Humedad;15.44;20.0
estacion_VAL01_20240101.jsonl;VAL01;2024-01-01T18:38:02;PM2.5;177.87;35.0
estacion_VAL02_20240101.jsonl;VAL02;2024-01-01T12:24:36;Humedad;9.76;20.0
estacion_VAL02_20240101.jsonl;VAL02;2024-01-01T15:31:49;PM2.5;146.55;35.0
estacion_VAL02_20240101.jsonl;VAL02;2024-01-01T15:31:49;Ruido;96.11;75.0
estacion_VAL02_20240101.jsonl;VAL02;2024-01-01T18:38:02;Ruido;90.39;75.0
estacion_VAL03_20240101.jsonl;VAL03;2024-01-01T18:38:02;PM2.5;94.76;35.0
estacion_VAL04_20240101.jsonl;VAL04;2024-01-01T03:03:57;Ruido;79.51;75.0
estacion_VAL04_20240101.jsonl;VAL04;2024-01-01T06:10:10;Temperatura;37.9;35.0
estacion_VAL04_20240101.jsonl;VAL04;2024-01-01T09:17:23;Humedad;4.44;20.0
estacion_VAL04_20240101.jsonl;VAL04;2024-01-01T09:17:23;PM2.5;77.23;35.0
estacion_VAL04_20240101.jsonl;VAL04;2024-01-01T12:24:36;PM2.5;153.14;35.0
estacion_VAL04_20240101.jsonl;VAL04;2024-01-01T15:31:49;Ruido;82.99;75.0
estacion_VAL04_20240101.jsonl;VAL04;2024-01-01T18:38:02;Temperatura;46.83;35.0
